[debug] [2026-01-03T01:24:42.271Z] ----------------------------------------------------------------------
[debug] [2026-01-03T01:24:42.275Z] Command:       C:\Program Files\nodejs\node.exe C:\Users\Admin\AppData\Roaming\npm\node_modules\firebase-tools\lib\bin\firebase.js init
[debug] [2026-01-03T01:24:42.276Z] CLI Version:   15.1.0
[debug] [2026-01-03T01:24:42.276Z] Platform:      win32
[debug] [2026-01-03T01:24:42.276Z] Node Version:  v20.18.0
[debug] [2026-01-03T01:24:42.276Z] Time:          Fri Jan 02 2026 17:24:42 GMT-0800 (Pacific Standard Time)
[debug] [2026-01-03T01:24:42.277Z] ----------------------------------------------------------------------
[debug] 
[info] 
     ######## #### ########  ######## ########     ###     ######  ########
     ##        ##  ##     ## ##       ##     ##  ##   ##  ##       ##
     ######    ##  ########  ######   ########  #########  ######  ######
     ##        ##  ##    ##  ##       ##     ## ##     ##       ## ##
     ##       #### ##     ## ######## ########  ##     ##  ######  ########

You're about to initialize a Firebase project in this directory:

  C:\Users\Admin\Documents\1-maxschwarzmueller\1-toolbox-for-nextjs\1-websites\0a-tools-nextjs\urilinks-project

[info] 
=== Project Setup
[info] 
[info] First, let's associate this project directory with a Firebase project.
[info] You can create multiple project aliases by running firebase use --add, 
[info] 
[debug] [2026-01-03T01:24:55.180Z] > command requires scopes: ["email","openid","https://www.googleapis.com/auth/cloudplatformprojects.readonly","https://www.googleapis.com/auth/firebase","https://www.googleapis.com/auth/cloud-platform"]
[debug] [2026-01-03T01:24:55.181Z] > authorizing via signed-in user (johmcg64@gmail.com)
[debug] [2026-01-03T01:24:55.187Z] Checked if tokens are valid: false, expires at: 1767403125344
[debug] [2026-01-03T01:24:55.187Z] Checked if tokens are valid: false, expires at: 1767403125344
[debug] [2026-01-03T01:24:55.187Z] > refreshing access token with scopes: []
[debug] [2026-01-03T01:24:55.191Z] >>> [apiv2][query] POST https://www.googleapis.com/oauth2/v3/token [none]
[debug] [2026-01-03T01:24:55.191Z] >>> [apiv2][body] POST https://www.googleapis.com/oauth2/v3/token [omitted]
[debug] [2026-01-03T01:24:55.748Z] <<< [apiv2][status] POST https://www.googleapis.com/oauth2/v3/token 200
[debug] [2026-01-03T01:24:55.748Z] <<< [apiv2][body] POST https://www.googleapis.com/oauth2/v3/token [omitted]
[debug] [2026-01-03T01:24:55.770Z] >>> [apiv2][query] GET https://firebase.googleapis.com/v1beta1/projects/urilinks-2f721 [none]
[debug] [2026-01-03T01:24:56.355Z] <<< [apiv2][status] GET https://firebase.googleapis.com/v1beta1/projects/urilinks-2f721 200
[debug] [2026-01-03T01:24:56.356Z] <<< [apiv2][body] GET https://firebase.googleapis.com/v1beta1/projects/urilinks-2f721 {"projectId":"urilinks-2f721","projectNumber":"947992055504","displayName":"urilinks","name":"projects/urilinks-2f721","resources":{"hostingSite":"urilinks-2f721","realtimeDatabaseInstance":"urilinks-2f721-default-rtdb"},"state":"ACTIVE","etag":"1_95fc5a19-62aa-4bac-b99c-3b995f4be442"}
[info] i  Using project urilinks-2f721 (urilinks) . 
[info] 
=== Hosting Setup
[debug] [2026-01-03T01:24:56.385Z] Checked if tokens are valid: true, expires at: 1767407094748
[debug] [2026-01-03T01:24:56.385Z] Checked if tokens are valid: true, expires at: 1767407094748
[debug] [2026-01-03T01:24:56.387Z] >>> [apiv2][query] GET https://firebase.googleapis.com/v1beta1/projects/urilinks-2f721 [none]
[debug] [2026-01-03T01:24:56.748Z] <<< [apiv2][status] GET https://firebase.googleapis.com/v1beta1/projects/urilinks-2f721 200
[debug] [2026-01-03T01:24:56.748Z] <<< [apiv2][body] GET https://firebase.googleapis.com/v1beta1/projects/urilinks-2f721 {"projectId":"urilinks-2f721","projectNumber":"947992055504","displayName":"urilinks","name":"projects/urilinks-2f721","resources":{"hostingSite":"urilinks-2f721","realtimeDatabaseInstance":"urilinks-2f721-default-rtdb"},"state":"ACTIVE","etag":"1_95fc5a19-62aa-4bac-b99c-3b995f4be442"}
[info] 
[info] Your public directory is the folder (relative to your project directory) that
[info] will contain Hosting assets to be uploaded with firebase deploy. If you
[info] have a build process for your assets, use your build's output directory.
[info] 
[debug] [2026-01-03T01:25:08.838Z] ExitPromptError: User force closed the prompt with SIGINT
    at Interface.sigint (C:\Users\Admin\AppData\Roaming\npm\node_modules\firebase-tools\node_modules\@inquirer\core\dist\commonjs\lib\create-prompt.js:101:37)
    at Interface.emit (node:events:519:28)
    at [_ttyWrite] [as _ttyWrite] (node:internal/readline/interface:1126:18)
    at ReadStream.onkeypress (node:internal/readline/interface:265:20)
    at ReadStream.emit (node:events:531:35)
    at emitKeys (node:internal/readline/utils:371:14)
    at emitKeys.next (<anonymous>)
    at ReadStream.onData (node:internal/readline/emitKeypressEvents:64:36)
    at ReadStream.emit (node:events:519:28)
    at addChunk (node:internal/streams/readable:559:12)
[error] 
[error] Error: An unexpected error has occurred.
